2025-12-16 00:05:00,368 - app - INFO - Started BLAST search task with ID: d351a383-1e8b-466f-bd2e-2a308e626bc1
2025-12-16 00:12:58,680 - app - INFO - Started BLAST search task with ID: 0141810a-f231-4d69-91fb-a61efdf059b0
2025-12-16 10:02:20,680 - app - INFO - Started BLAST search task with ID: db5498b8-7a51-4879-8e87-237b932ecf9e
2025-12-16 10:36:37,757 - app - INFO - Started BLAST search task with ID: 9f611dad-4523-465a-a2b6-6e2ef475f074
2025-12-16 10:36:43,796 - app - INFO - Deleted file: static/sirna_outputs/siRNA_匹配结果_主报告_20251216_103637.xlsx
2025-12-16 10:36:43,797 - app - INFO - Deleted file: static/sirna_uploads/1215.xlsx
2025-12-16 10:36:43,797 - app - INFO - Deleted file: static/sirna_uploads/WO_2025_199455_A1.fasta
2025-12-16 10:36:43,797 - app - INFO - Cleared session data after siRNA download
2025-12-16 19:57:45,610 - app - INFO - Received file upload request
2025-12-16 19:57:45,611 - app - INFO - File saved successfully: static/uploads/1a6e38728d6b4e37af5627e08b97cf2f_Z232278BPWO-EN-input2-2.xlsx
2025-12-16 19:57:45,628 - app - INFO - Async task submitted with ID: 938a0cf5-cdfc-4573-ad2a-0e6055db0fbd
2025-12-16 19:57:51,888 - app - INFO - Received file upload request
2025-12-16 19:57:51,892 - app - INFO - File saved successfully: static/uploads/3cf92f2d01e2479eac5bc37b449c18d7_Z232278BPWO-EN-input2-2.xlsx
2025-12-16 19:57:51,899 - app - INFO - Async task submitted with ID: 98efc45c-e95d-4fe6-9986-48541ae18470
2025-12-16 19:58:07,915 - app - INFO - Received file upload request
2025-12-16 19:58:07,916 - app - INFO - File saved successfully: static/uploads/9edf274a6e0040b6889a1102081c6d3b_Z232278BPWO-EN-input2-2.xlsx
2025-12-16 19:58:07,919 - app - INFO - Async task submitted with ID: 6bbf942a-2e1b-4642-a6e6-ac86fa08e4eb
2025-12-16 19:58:14,702 - app - INFO - Received file upload request
2025-12-16 19:58:14,704 - app - INFO - File saved successfully: static/uploads/875afa2960d14fe28c68e8f34f9d0270_Z232278BPWO-EN-input2-2.xlsx
2025-12-16 19:58:14,710 - app - INFO - Async task submitted with ID: f0b043d4-5865-4117-89d9-d8809e27d863
2025-12-16 19:59:57,638 - app - INFO - Received file upload request
2025-12-16 19:59:57,641 - app - INFO - File saved successfully: static/uploads/124d6f58ddb5452abfd74e0ce1d3a897_Z232278BPWO-EN-input2-2.xlsx
2025-12-16 19:59:57,652 - app - INFO - Async task submitted with ID: a651438a-00c7-47ef-a095-bfd1756939cd
2025-12-16 20:00:51,444 - app - INFO - Received file upload request
2025-12-16 20:00:51,446 - app - INFO - File saved successfully: static/uploads/bce134b4c6c44eb58451960454487140_Z232278BPWO-EN-input2-2.xlsx
2025-12-16 20:00:51,455 - app - INFO - Async task submitted with ID: 1b783fae-a42c-40e5-998e-a8050e0c6234
2025-12-16 20:03:26,946 - app - INFO - Received file upload request
2025-12-16 20:03:26,948 - app - INFO - File saved successfully: static/uploads/679f94f54c354d7bb582667db90c11cf_template_2.xlsx
2025-12-16 20:03:26,961 - app - INFO - Async task submitted with ID: 5bd7d8fa-81b5-4466-823f-a79dd634090e
2025-12-16 20:16:36,438 - app - INFO - Starting BLAST search for target sequence
2025-12-16 20:16:36,439 - app - INFO - Starting BLAST search for target sequence
2025-12-16 20:16:36,442 - app - INFO - Starting BLAST search for target sequence
2025-12-16 20:16:36,442 - app - INFO - Starting BLAST search for target sequence
2025-12-16 20:16:36,444 - app - INFO - Starting conversion task for file: static/uploads/1a6e38728d6b4e37af5627e08b97cf2f_Z232278BPWO-EN-input2-2.xlsx
2025-12-16 20:16:36,446 - app - INFO - Starting conversion task for file: static/uploads/3cf92f2d01e2479eac5bc37b449c18d7_Z232278BPWO-EN-input2-2.xlsx
2025-12-16 20:16:36,447 - app - INFO - Starting conversion task for file: static/uploads/9edf274a6e0040b6889a1102081c6d3b_Z232278BPWO-EN-input2-2.xlsx
2025-12-16 20:16:36,449 - app - INFO - Starting conversion task for file: static/uploads/875afa2960d14fe28c68e8f34f9d0270_Z232278BPWO-EN-input2-2.xlsx
2025-12-16 20:16:36,561 - app - INFO - Conversion completed successfully, generated XML: PA1500372.xml
2025-12-16 20:16:36,562 - app - INFO - Conversion completed successfully, generated XML: PA1500372.xml
2025-12-16 20:16:36,562 - app - INFO - Conversion completed successfully, generated XML: PA1500372.xml
2025-12-16 20:16:36,563 - app - INFO - Conversion completed successfully, generated XML: PA1500372.xml
2025-12-16 20:16:36,564 - app - INFO - Starting conversion task for file: static/uploads/124d6f58ddb5452abfd74e0ce1d3a897_Z232278BPWO-EN-input2-2.xlsx
2025-12-16 20:16:36,564 - app - INFO - Starting conversion task for file: static/uploads/bce134b4c6c44eb58451960454487140_Z232278BPWO-EN-input2-2.xlsx
2025-12-16 20:16:36,564 - app - INFO - Starting conversion task for file: static/uploads/679f94f54c354d7bb582667db90c11cf_template_2.xlsx
2025-12-16 20:16:36,592 - app - INFO - Conversion completed successfully, generated XML: TEST123.xml
2025-12-16 20:16:36,609 - app - INFO - Conversion completed successfully, generated XML: PA1500372.xml
2025-12-16 20:16:36,609 - app - INFO - Conversion completed successfully, generated XML: PA1500372.xml
2025-12-16 20:17:40,516 - app - INFO - BLAST search completed, found 5 matches
2025-12-16 20:17:41,128 - app - INFO - BLAST search completed, found 5 matches
2025-12-16 20:17:41,874 - app - INFO - BLAST search completed, found 5 matches
2025-12-16 20:17:41,906 - app - INFO - BLAST search completed, found 5 matches
2025-12-16 20:49:04,722 - app - INFO - Received file upload request
2025-12-16 20:49:04,725 - app - INFO - File saved successfully: static/uploads/1d50d96c4fd148f1b63a7e664c4c8361_template_1.xlsx
2025-12-16 20:49:04,744 - app - INFO - Async task submitted with ID: 8d238d43-6399-488d-aaae-adffea951dac
2025-12-16 20:49:04,749 - app - INFO - Starting conversion task for file: static/uploads/1d50d96c4fd148f1b63a7e664c4c8361_template_1.xlsx
2025-12-16 20:49:04,840 - app - INFO - Conversion completed successfully, generated XML: AA666-2.xml
2025-12-16 20:49:37,336 - app - INFO - Received file upload request
2025-12-16 20:49:37,338 - app - INFO - File saved successfully: static/uploads/2d817c5ced4a4097a4bef29314d34aeb_template_2.xlsx
2025-12-16 20:49:37,345 - app - INFO - Async task submitted with ID: bddc75cc-244a-4951-9bdc-22387722f5b5
2025-12-16 20:49:37,347 - app - INFO - Starting conversion task for file: static/uploads/2d817c5ced4a4097a4bef29314d34aeb_template_2.xlsx
2025-12-16 20:49:37,387 - app - INFO - Conversion completed successfully, generated XML: AA666.xml
2025-12-16 20:50:16,779 - app - INFO - Received file upload request
2025-12-16 20:50:16,783 - app - INFO - File saved successfully: static/uploads/4bedb619d2174f22b18448587248d046_template.xlsx
2025-12-16 20:50:16,791 - app - INFO - Async task submitted with ID: 944f1345-116e-4f5d-87b5-ab90486caa0d
2025-12-16 20:50:16,792 - app - INFO - Starting conversion task for file: static/uploads/4bedb619d2174f22b18448587248d046_template.xlsx
2025-12-16 20:50:16,830 - app - INFO - Conversion completed successfully, generated XML: TEST123.xml
2025-12-16 21:30:21,925 - app - INFO - Received file upload request
2025-12-16 21:30:21,926 - app - INFO - File saved successfully: static/uploads/5f565a1917544a5388149ded10cb347e_template_2.xlsx
2025-12-16 21:30:21,990 - app - INFO - Async task submitted with ID: 51cbc43c-322e-4461-9c46-789e9e49a94e
2025-12-16 21:30:21,995 - app - INFO - Starting conversion task for file: static/uploads/5f565a1917544a5388149ded10cb347e_template_2.xlsx
2025-12-16 21:30:22,112 - app - INFO - Conversion completed successfully, generated XML: TEST123.xml
2025-12-16 21:32:57,093 - app - INFO - Received file upload request
2025-12-16 21:32:57,093 - app - INFO - File saved successfully: static/uploads/ccd625d18840417b8357d97e8883be2d_template_2.xlsx
2025-12-16 21:32:57,147 - app - INFO - Async task submitted with ID: 5071667d-b23c-43a7-890d-ddd42b730979
2025-12-16 21:32:57,148 - app - INFO - Starting conversion task for file: static/uploads/ccd625d18840417b8357d97e8883be2d_template_2.xlsx
2025-12-16 21:32:57,183 - app - INFO - Conversion completed successfully, generated XML: TEST123.xml
2025-12-16 21:32:59,165 - app - INFO - Checking status for task: 5071667d-b23c-43a7-890d-ddd42b730979
2025-12-16 22:08:37,621 - app - INFO - Request to download XML: TEST123.xml
2025-12-16 22:08:37,623 - app - INFO - Deleted XML file: static/outputs/TEST123.xml
2025-12-16 22:08:37,624 - app - INFO - Deleted uploaded Excel file: static/uploads/ccd625d18840417b8357d97e8883be2d_template_2.xlsx
2025-12-16 22:08:37,625 - app - INFO - Cleared session data after download
2025-12-16 22:09:00,241 - app - INFO - Received file upload request
2025-12-16 22:09:00,242 - app - INFO - File saved successfully: static/uploads/7b4a2769ab244d3aa9b8dec81ce9f2ad_Z232278BPWO-EN-input2-2.xlsx
2025-12-16 22:09:00,308 - app - INFO - Async task submitted with ID: 334456a2-9562-46aa-a27f-a8ca836605ed
2025-12-16 22:09:00,309 - app - INFO - Starting conversion task for file: static/uploads/7b4a2769ab244d3aa9b8dec81ce9f2ad_Z232278BPWO-EN-input2-2.xlsx
2025-12-16 22:09:00,357 - app - INFO - Conversion completed successfully, generated XML: PA1500372.xml
2025-12-16 22:09:02,319 - app - INFO - Checking status for task: 334456a2-9562-46aa-a27f-a8ca836605ed
2025-12-16 22:09:18,945 - app - INFO - Request to download XML: PA1500372.xml
2025-12-16 22:09:18,948 - app - INFO - Deleted XML file: static/outputs/PA1500372.xml
2025-12-16 22:09:18,948 - app - INFO - Deleted uploaded Excel file: static/uploads/7b4a2769ab244d3aa9b8dec81ce9f2ad_Z232278BPWO-EN-input2-2.xlsx
2025-12-16 22:09:18,948 - app - INFO - Cleared session data after download
2025-12-16 22:12:50,858 - app - INFO - Received file upload request
2025-12-16 22:12:50,860 - app - INFO - File saved successfully: static/uploads/4754d63c2e314a809a83e59f8f5594a4_Z232278BPWO-EN-input2-2.xlsx
2025-12-16 22:12:50,924 - app - INFO - Async task submitted with ID: 30e6d4c7-79bc-4f5f-ab4d-24b1e6d32f08
2025-12-16 22:12:52,936 - app - INFO - Checking status for task: 30e6d4c7-79bc-4f5f-ab4d-24b1e6d32f08
2025-12-16 22:12:52,943 - app - WARNING - Invalid task ID: 30e6d4c7-79bc-4f5f-ab4d-24b1e6d32f08
2025-12-16 22:13:01,092 - app - INFO - Checking status for task: 30e6d4c7-79bc-4f5f-ab4d-24b1e6d32f08
2025-12-16 22:13:01,098 - app - WARNING - Invalid task ID: 30e6d4c7-79bc-4f5f-ab4d-24b1e6d32f08
2025-12-16 22:14:22,006 - app - INFO - Checking status for task: 30e6d4c7-79bc-4f5f-ab4d-24b1e6d32f08
2025-12-16 22:14:22,052 - app - WARNING - Invalid task ID: 30e6d4c7-79bc-4f5f-ab4d-24b1e6d32f08
2025-12-16 22:14:27,908 - app - INFO - Received file upload request
2025-12-16 22:14:27,909 - app - INFO - File saved successfully: static/uploads/092e6b5572784ee19c4a31e8eb2464e3_Z232278BPWO-EN-input2-2.xlsx
2025-12-16 22:14:27,920 - app - INFO - Async task submitted with ID: 1478c888-2c34-4a4b-8d63-8b2e17b044b4
2025-12-16 22:14:29,935 - app - INFO - Checking status for task: 1478c888-2c34-4a4b-8d63-8b2e17b044b4
2025-12-16 22:14:29,942 - app - WARNING - Invalid task ID: 1478c888-2c34-4a4b-8d63-8b2e17b044b4
2025-12-16 22:17:35,213 - app - INFO - Checking status for task: invalid_task_id
2025-12-16 22:18:20,716 - app - INFO - Received file upload request
2025-12-16 22:18:20,717 - app - INFO - File saved successfully: static/uploads/e4488f7c1f2d452388753fa8c3f6bad0_template_1.xlsx
2025-12-16 22:18:20,728 - app - INFO - Async task submitted with ID: c2613708-7327-401c-9841-a5c9e2f3a75e
2025-12-16 22:18:22,743 - app - INFO - Checking status for task: c2613708-7327-401c-9841-a5c9e2f3a75e
2025-12-16 22:18:24,741 - app - INFO - Checking status for task: c2613708-7327-401c-9841-a5c9e2f3a75e
2025-12-16 22:18:26,744 - app - INFO - Checking status for task: c2613708-7327-401c-9841-a5c9e2f3a75e
2025-12-16 22:18:28,743 - app - INFO - Checking status for task: c2613708-7327-401c-9841-a5c9e2f3a75e
2025-12-16 22:18:30,744 - app - INFO - Checking status for task: c2613708-7327-401c-9841-a5c9e2f3a75e
2025-12-16 22:18:32,742 - app - INFO - Checking status for task: c2613708-7327-401c-9841-a5c9e2f3a75e
2025-12-16 22:18:34,774 - app - INFO - Checking status for task: c2613708-7327-401c-9841-a5c9e2f3a75e
2025-12-16 22:18:36,744 - app - INFO - Checking status for task: c2613708-7327-401c-9841-a5c9e2f3a75e
2025-12-16 22:18:38,742 - app - INFO - Checking status for task: c2613708-7327-401c-9841-a5c9e2f3a75e
2025-12-16 22:18:40,744 - app - INFO - Checking status for task: c2613708-7327-401c-9841-a5c9e2f3a75e
2025-12-16 22:18:42,743 - app - INFO - Checking status for task: c2613708-7327-401c-9841-a5c9e2f3a75e
2025-12-16 22:18:44,744 - app - INFO - Checking status for task: c2613708-7327-401c-9841-a5c9e2f3a75e
2025-12-16 22:18:46,742 - app - INFO - Checking status for task: c2613708-7327-401c-9841-a5c9e2f3a75e
2025-12-16 22:18:48,741 - app - INFO - Checking status for task: c2613708-7327-401c-9841-a5c9e2f3a75e
2025-12-16 22:18:50,744 - app - INFO - Checking status for task: c2613708-7327-401c-9841-a5c9e2f3a75e
2025-12-16 22:18:52,744 - app - INFO - Checking status for task: c2613708-7327-401c-9841-a5c9e2f3a75e
2025-12-16 22:18:54,744 - app - INFO - Checking status for task: c2613708-7327-401c-9841-a5c9e2f3a75e
2025-12-16 22:18:56,743 - app - INFO - Checking status for task: c2613708-7327-401c-9841-a5c9e2f3a75e
2025-12-16 22:18:58,743 - app - INFO - Checking status for task: c2613708-7327-401c-9841-a5c9e2f3a75e
2025-12-16 22:19:00,741 - app - INFO - Checking status for task: c2613708-7327-401c-9841-a5c9e2f3a75e
2025-12-16 22:19:02,740 - app - INFO - Checking status for task: c2613708-7327-401c-9841-a5c9e2f3a75e
2025-12-16 22:19:04,744 - app - INFO - Checking status for task: c2613708-7327-401c-9841-a5c9e2f3a75e
2025-12-16 22:19:06,744 - app - INFO - Checking status for task: c2613708-7327-401c-9841-a5c9e2f3a75e
2025-12-16 22:19:08,743 - app - INFO - Checking status for task: c2613708-7327-401c-9841-a5c9e2f3a75e
2025-12-16 22:19:10,744 - app - INFO - Checking status for task: c2613708-7327-401c-9841-a5c9e2f3a75e
2025-12-16 22:19:12,744 - app - INFO - Checking status for task: c2613708-7327-401c-9841-a5c9e2f3a75e
2025-12-16 22:19:14,743 - app - INFO - Checking status for task: c2613708-7327-401c-9841-a5c9e2f3a75e
2025-12-16 22:19:16,742 - app - INFO - Checking status for task: c2613708-7327-401c-9841-a5c9e2f3a75e
2025-12-16 22:19:18,743 - app - INFO - Checking status for task: c2613708-7327-401c-9841-a5c9e2f3a75e
2025-12-16 22:19:20,744 - app - INFO - Checking status for task: c2613708-7327-401c-9841-a5c9e2f3a75e
2025-12-16 22:19:22,743 - app - INFO - Checking status for task: c2613708-7327-401c-9841-a5c9e2f3a75e
2025-12-16 22:19:24,743 - app - INFO - Checking status for task: c2613708-7327-401c-9841-a5c9e2f3a75e
2025-12-16 22:19:26,744 - app - INFO - Checking status for task: c2613708-7327-401c-9841-a5c9e2f3a75e
2025-12-16 22:19:28,744 - app - INFO - Checking status for task: c2613708-7327-401c-9841-a5c9e2f3a75e
2025-12-16 22:19:30,742 - app - INFO - Checking status for task: c2613708-7327-401c-9841-a5c9e2f3a75e
2025-12-16 22:19:32,742 - app - INFO - Checking status for task: c2613708-7327-401c-9841-a5c9e2f3a75e
2025-12-16 22:19:34,744 - app - INFO - Checking status for task: c2613708-7327-401c-9841-a5c9e2f3a75e
2025-12-16 22:19:36,744 - app - INFO - Checking status for task: c2613708-7327-401c-9841-a5c9e2f3a75e
2025-12-16 22:19:38,745 - app - INFO - Checking status for task: c2613708-7327-401c-9841-a5c9e2f3a75e
2025-12-16 22:19:40,741 - app - INFO - Checking status for task: c2613708-7327-401c-9841-a5c9e2f3a75e
2025-12-16 22:19:42,744 - app - INFO - Checking status for task: c2613708-7327-401c-9841-a5c9e2f3a75e
2025-12-16 22:19:44,742 - app - INFO - Checking status for task: c2613708-7327-401c-9841-a5c9e2f3a75e
2025-12-16 22:19:46,741 - app - INFO - Checking status for task: c2613708-7327-401c-9841-a5c9e2f3a75e
2025-12-16 22:19:48,744 - app - INFO - Checking status for task: c2613708-7327-401c-9841-a5c9e2f3a75e
2025-12-16 22:19:50,741 - app - INFO - Checking status for task: c2613708-7327-401c-9841-a5c9e2f3a75e
2025-12-16 22:19:52,744 - app - INFO - Checking status for task: c2613708-7327-401c-9841-a5c9e2f3a75e
2025-12-16 22:19:54,744 - app - INFO - Checking status for task: c2613708-7327-401c-9841-a5c9e2f3a75e
2025-12-16 22:19:56,744 - app - INFO - Checking status for task: c2613708-7327-401c-9841-a5c9e2f3a75e
2025-12-16 22:19:58,744 - app - INFO - Checking status for task: c2613708-7327-401c-9841-a5c9e2f3a75e
2025-12-16 22:20:00,741 - app - INFO - Checking status for task: c2613708-7327-401c-9841-a5c9e2f3a75e
2025-12-16 22:20:02,743 - app - INFO - Checking status for task: c2613708-7327-401c-9841-a5c9e2f3a75e
2025-12-16 22:20:04,744 - app - INFO - Checking status for task: c2613708-7327-401c-9841-a5c9e2f3a75e
2025-12-16 22:20:06,744 - app - INFO - Checking status for task: c2613708-7327-401c-9841-a5c9e2f3a75e
2025-12-16 22:20:08,745 - app - INFO - Checking status for task: c2613708-7327-401c-9841-a5c9e2f3a75e
2025-12-16 22:20:10,743 - app - INFO - Checking status for task: c2613708-7327-401c-9841-a5c9e2f3a75e
2025-12-16 22:20:12,745 - app - INFO - Checking status for task: c2613708-7327-401c-9841-a5c9e2f3a75e
2025-12-16 22:20:14,744 - app - INFO - Checking status for task: c2613708-7327-401c-9841-a5c9e2f3a75e
2025-12-16 22:20:16,741 - app - INFO - Checking status for task: c2613708-7327-401c-9841-a5c9e2f3a75e
2025-12-16 22:20:18,743 - app - INFO - Checking status for task: c2613708-7327-401c-9841-a5c9e2f3a75e
2025-12-16 22:20:20,743 - app - INFO - Checking status for task: c2613708-7327-401c-9841-a5c9e2f3a75e
2025-12-16 22:20:22,744 - app - INFO - Checking status for task: c2613708-7327-401c-9841-a5c9e2f3a75e
2025-12-16 22:20:24,745 - app - INFO - Checking status for task: c2613708-7327-401c-9841-a5c9e2f3a75e
2025-12-16 22:20:26,744 - app - INFO - Checking status for task: c2613708-7327-401c-9841-a5c9e2f3a75e
2025-12-16 22:20:28,743 - app - INFO - Checking status for task: c2613708-7327-401c-9841-a5c9e2f3a75e
2025-12-16 22:20:30,742 - app - INFO - Checking status for task: c2613708-7327-401c-9841-a5c9e2f3a75e
2025-12-16 22:20:32,743 - app - INFO - Checking status for task: c2613708-7327-401c-9841-a5c9e2f3a75e
2025-12-16 22:20:34,743 - app - INFO - Checking status for task: c2613708-7327-401c-9841-a5c9e2f3a75e
2025-12-16 22:20:36,745 - app - INFO - Checking status for task: c2613708-7327-401c-9841-a5c9e2f3a75e
2025-12-16 22:20:38,744 - app - INFO - Checking status for task: c2613708-7327-401c-9841-a5c9e2f3a75e
2025-12-16 22:20:40,744 - app - INFO - Checking status for task: c2613708-7327-401c-9841-a5c9e2f3a75e
2025-12-16 22:20:42,745 - app - INFO - Checking status for task: c2613708-7327-401c-9841-a5c9e2f3a75e
2025-12-16 22:20:44,743 - app - INFO - Checking status for task: c2613708-7327-401c-9841-a5c9e2f3a75e
2025-12-16 22:20:46,741 - app - INFO - Checking status for task: c2613708-7327-401c-9841-a5c9e2f3a75e
2025-12-16 22:20:48,745 - app - INFO - Checking status for task: c2613708-7327-401c-9841-a5c9e2f3a75e
2025-12-16 22:20:50,744 - app - INFO - Checking status for task: c2613708-7327-401c-9841-a5c9e2f3a75e
2025-12-16 22:20:52,743 - app - INFO - Checking status for task: c2613708-7327-401c-9841-a5c9e2f3a75e
2025-12-16 22:20:54,745 - app - INFO - Checking status for task: c2613708-7327-401c-9841-a5c9e2f3a75e
2025-12-16 22:20:56,745 - app - INFO - Checking status for task: c2613708-7327-401c-9841-a5c9e2f3a75e
2025-12-16 22:20:58,743 - app - INFO - Checking status for task: c2613708-7327-401c-9841-a5c9e2f3a75e
2025-12-16 22:21:00,742 - app - INFO - Checking status for task: c2613708-7327-401c-9841-a5c9e2f3a75e
2025-12-16 22:21:02,741 - app - INFO - Checking status for task: c2613708-7327-401c-9841-a5c9e2f3a75e
2025-12-16 22:21:04,743 - app - INFO - Checking status for task: c2613708-7327-401c-9841-a5c9e2f3a75e
2025-12-16 22:21:06,742 - app - INFO - Checking status for task: c2613708-7327-401c-9841-a5c9e2f3a75e
2025-12-16 22:21:08,744 - app - INFO - Checking status for task: c2613708-7327-401c-9841-a5c9e2f3a75e
2025-12-16 22:21:10,744 - app - INFO - Checking status for task: c2613708-7327-401c-9841-a5c9e2f3a75e
2025-12-16 22:21:12,744 - app - INFO - Checking status for task: c2613708-7327-401c-9841-a5c9e2f3a75e
2025-12-16 22:21:14,744 - app - INFO - Checking status for task: c2613708-7327-401c-9841-a5c9e2f3a75e
2025-12-16 22:21:16,741 - app - INFO - Checking status for task: c2613708-7327-401c-9841-a5c9e2f3a75e
2025-12-16 22:21:18,744 - app - INFO - Checking status for task: c2613708-7327-401c-9841-a5c9e2f3a75e
2025-12-16 22:21:20,744 - app - INFO - Checking status for task: c2613708-7327-401c-9841-a5c9e2f3a75e
2025-12-16 22:21:22,744 - app - INFO - Checking status for task: c2613708-7327-401c-9841-a5c9e2f3a75e
2025-12-16 22:21:24,744 - app - INFO - Checking status for task: c2613708-7327-401c-9841-a5c9e2f3a75e
2025-12-16 22:21:26,743 - app - INFO - Checking status for task: c2613708-7327-401c-9841-a5c9e2f3a75e
2025-12-16 22:21:28,744 - app - INFO - Checking status for task: c2613708-7327-401c-9841-a5c9e2f3a75e
2025-12-16 22:21:30,741 - app - INFO - Checking status for task: c2613708-7327-401c-9841-a5c9e2f3a75e
2025-12-16 22:21:32,741 - app - INFO - Checking status for task: c2613708-7327-401c-9841-a5c9e2f3a75e
2025-12-16 22:21:34,741 - app - INFO - Checking status for task: c2613708-7327-401c-9841-a5c9e2f3a75e
2025-12-16 22:21:36,744 - app - INFO - Checking status for task: c2613708-7327-401c-9841-a5c9e2f3a75e
2025-12-16 22:21:38,744 - app - INFO - Checking status for task: c2613708-7327-401c-9841-a5c9e2f3a75e
2025-12-16 22:21:40,744 - app - INFO - Checking status for task: c2613708-7327-401c-9841-a5c9e2f3a75e
2025-12-16 22:21:42,742 - app - INFO - Checking status for task: c2613708-7327-401c-9841-a5c9e2f3a75e
2025-12-16 22:21:44,744 - app - INFO - Checking status for task: c2613708-7327-401c-9841-a5c9e2f3a75e
2025-12-16 22:21:46,741 - app - INFO - Checking status for task: c2613708-7327-401c-9841-a5c9e2f3a75e
2025-12-16 22:21:48,744 - app - INFO - Checking status for task: c2613708-7327-401c-9841-a5c9e2f3a75e
2025-12-16 22:21:50,744 - app - INFO - Checking status for task: c2613708-7327-401c-9841-a5c9e2f3a75e
2025-12-16 22:21:52,744 - app - INFO - Checking status for task: c2613708-7327-401c-9841-a5c9e2f3a75e
2025-12-16 22:21:54,744 - app - INFO - Checking status for task: c2613708-7327-401c-9841-a5c9e2f3a75e
2025-12-16 22:21:56,744 - app - INFO - Checking status for task: c2613708-7327-401c-9841-a5c9e2f3a75e
2025-12-16 22:21:58,743 - app - INFO - Checking status for task: c2613708-7327-401c-9841-a5c9e2f3a75e
2025-12-16 22:22:00,742 - app - INFO - Checking status for task: c2613708-7327-401c-9841-a5c9e2f3a75e
2025-12-16 22:22:02,741 - app - INFO - Checking status for task: c2613708-7327-401c-9841-a5c9e2f3a75e
2025-12-16 22:22:04,744 - app - INFO - Checking status for task: c2613708-7327-401c-9841-a5c9e2f3a75e
2025-12-16 22:22:06,745 - app - INFO - Checking status for task: c2613708-7327-401c-9841-a5c9e2f3a75e
2025-12-16 22:22:08,745 - app - INFO - Checking status for task: c2613708-7327-401c-9841-a5c9e2f3a75e
2025-12-16 22:22:10,744 - app - INFO - Checking status for task: c2613708-7327-401c-9841-a5c9e2f3a75e
2025-12-16 22:22:12,742 - app - INFO - Checking status for task: c2613708-7327-401c-9841-a5c9e2f3a75e
2025-12-16 22:22:14,744 - app - INFO - Checking status for task: c2613708-7327-401c-9841-a5c9e2f3a75e
2025-12-16 22:22:16,742 - app - INFO - Checking status for task: c2613708-7327-401c-9841-a5c9e2f3a75e
2025-12-16 22:22:18,745 - app - INFO - Checking status for task: c2613708-7327-401c-9841-a5c9e2f3a75e
2025-12-16 22:22:20,745 - app - INFO - Checking status for task: c2613708-7327-401c-9841-a5c9e2f3a75e
2025-12-16 22:22:22,744 - app - INFO - Checking status for task: c2613708-7327-401c-9841-a5c9e2f3a75e
2025-12-16 22:22:24,742 - app - INFO - Checking status for task: c2613708-7327-401c-9841-a5c9e2f3a75e
2025-12-16 22:22:26,744 - app - INFO - Checking status for task: c2613708-7327-401c-9841-a5c9e2f3a75e
2025-12-16 22:22:28,744 - app - INFO - Checking status for task: c2613708-7327-401c-9841-a5c9e2f3a75e
2025-12-16 22:22:30,741 - app - INFO - Checking status for task: c2613708-7327-401c-9841-a5c9e2f3a75e
2025-12-16 22:22:32,744 - app - INFO - Checking status for task: c2613708-7327-401c-9841-a5c9e2f3a75e
2025-12-16 22:22:34,745 - app - INFO - Checking status for task: c2613708-7327-401c-9841-a5c9e2f3a75e
2025-12-16 22:22:36,745 - app - INFO - Checking status for task: c2613708-7327-401c-9841-a5c9e2f3a75e
2025-12-16 22:22:38,744 - app - INFO - Checking status for task: c2613708-7327-401c-9841-a5c9e2f3a75e
2025-12-16 22:22:40,745 - app - INFO - Checking status for task: c2613708-7327-401c-9841-a5c9e2f3a75e
2025-12-16 22:22:42,743 - app - INFO - Checking status for task: c2613708-7327-401c-9841-a5c9e2f3a75e
2025-12-16 22:22:44,744 - app - INFO - Checking status for task: c2613708-7327-401c-9841-a5c9e2f3a75e
2025-12-16 22:22:46,741 - app - INFO - Checking status for task: c2613708-7327-401c-9841-a5c9e2f3a75e
2025-12-16 22:22:48,745 - app - INFO - Checking status for task: c2613708-7327-401c-9841-a5c9e2f3a75e
2025-12-16 22:22:50,744 - app - INFO - Checking status for task: c2613708-7327-401c-9841-a5c9e2f3a75e
2025-12-16 22:22:52,743 - app - INFO - Checking status for task: c2613708-7327-401c-9841-a5c9e2f3a75e
2025-12-16 22:22:54,744 - app - INFO - Checking status for task: c2613708-7327-401c-9841-a5c9e2f3a75e
2025-12-16 22:22:56,745 - app - INFO - Checking status for task: c2613708-7327-401c-9841-a5c9e2f3a75e
2025-12-16 22:22:58,743 - app - INFO - Checking status for task: c2613708-7327-401c-9841-a5c9e2f3a75e
2025-12-16 22:23:00,745 - app - INFO - Checking status for task: c2613708-7327-401c-9841-a5c9e2f3a75e
2025-12-16 22:23:02,741 - app - INFO - Checking status for task: c2613708-7327-401c-9841-a5c9e2f3a75e
2025-12-16 22:23:04,743 - app - INFO - Checking status for task: c2613708-7327-401c-9841-a5c9e2f3a75e
2025-12-16 22:23:06,744 - app - INFO - Checking status for task: c2613708-7327-401c-9841-a5c9e2f3a75e
2025-12-16 22:23:08,744 - app - INFO - Checking status for task: c2613708-7327-401c-9841-a5c9e2f3a75e
2025-12-16 22:23:10,744 - app - INFO - Checking status for task: c2613708-7327-401c-9841-a5c9e2f3a75e
2025-12-16 22:23:12,744 - app - INFO - Checking status for task: c2613708-7327-401c-9841-a5c9e2f3a75e
2025-12-16 22:23:14,743 - app - INFO - Checking status for task: c2613708-7327-401c-9841-a5c9e2f3a75e
2025-12-16 22:23:16,741 - app - INFO - Checking status for task: c2613708-7327-401c-9841-a5c9e2f3a75e
2025-12-16 22:23:18,745 - app - INFO - Checking status for task: c2613708-7327-401c-9841-a5c9e2f3a75e
2025-12-16 22:23:20,744 - app - INFO - Checking status for task: c2613708-7327-401c-9841-a5c9e2f3a75e
2025-12-16 22:23:22,743 - app - INFO - Checking status for task: c2613708-7327-401c-9841-a5c9e2f3a75e
2025-12-16 22:23:24,744 - app - INFO - Checking status for task: c2613708-7327-401c-9841-a5c9e2f3a75e
2025-12-16 22:23:26,742 - app - INFO - Checking status for task: c2613708-7327-401c-9841-a5c9e2f3a75e
2025-12-16 22:23:28,745 - app - INFO - Checking status for task: c2613708-7327-401c-9841-a5c9e2f3a75e
2025-12-16 22:23:30,742 - app - INFO - Checking status for task: c2613708-7327-401c-9841-a5c9e2f3a75e
2025-12-16 22:23:32,741 - app - INFO - Checking status for task: c2613708-7327-401c-9841-a5c9e2f3a75e
2025-12-16 22:23:34,744 - app - INFO - Checking status for task: c2613708-7327-401c-9841-a5c9e2f3a75e
2025-12-16 22:23:36,745 - app - INFO - Checking status for task: c2613708-7327-401c-9841-a5c9e2f3a75e
2025-12-16 22:23:38,744 - app - INFO - Checking status for task: c2613708-7327-401c-9841-a5c9e2f3a75e
2025-12-16 22:23:40,745 - app - INFO - Checking status for task: c2613708-7327-401c-9841-a5c9e2f3a75e
2025-12-16 22:23:42,745 - app - INFO - Checking status for task: c2613708-7327-401c-9841-a5c9e2f3a75e
2025-12-16 22:23:44,743 - app - INFO - Checking status for task: c2613708-7327-401c-9841-a5c9e2f3a75e
2025-12-16 22:23:46,741 - app - INFO - Checking status for task: c2613708-7327-401c-9841-a5c9e2f3a75e
2025-12-16 22:23:48,743 - app - INFO - Checking status for task: c2613708-7327-401c-9841-a5c9e2f3a75e
2025-12-16 22:23:50,744 - app - INFO - Checking status for task: c2613708-7327-401c-9841-a5c9e2f3a75e
2025-12-16 22:23:52,744 - app - INFO - Checking status for task: c2613708-7327-401c-9841-a5c9e2f3a75e
2025-12-16 22:23:54,742 - app - INFO - Checking status for task: c2613708-7327-401c-9841-a5c9e2f3a75e
2025-12-16 22:23:56,744 - app - INFO - Checking status for task: c2613708-7327-401c-9841-a5c9e2f3a75e
2025-12-16 22:23:58,743 - app - INFO - Checking status for task: c2613708-7327-401c-9841-a5c9e2f3a75e
2025-12-16 22:24:00,744 - app - INFO - Checking status for task: c2613708-7327-401c-9841-a5c9e2f3a75e
2025-12-16 22:24:02,741 - app - INFO - Checking status for task: c2613708-7327-401c-9841-a5c9e2f3a75e
2025-12-16 22:24:04,741 - app - INFO - Checking status for task: c2613708-7327-401c-9841-a5c9e2f3a75e
2025-12-16 22:24:06,745 - app - INFO - Checking status for task: c2613708-7327-401c-9841-a5c9e2f3a75e
2025-12-16 22:24:08,745 - app - INFO - Checking status for task: c2613708-7327-401c-9841-a5c9e2f3a75e
2025-12-16 22:24:10,743 - app - INFO - Checking status for task: c2613708-7327-401c-9841-a5c9e2f3a75e
2025-12-16 22:24:12,745 - app - INFO - Checking status for task: c2613708-7327-401c-9841-a5c9e2f3a75e
2025-12-16 22:24:14,741 - app - INFO - Checking status for task: c2613708-7327-401c-9841-a5c9e2f3a75e
2025-12-16 22:24:16,741 - app - INFO - Checking status for task: c2613708-7327-401c-9841-a5c9e2f3a75e
2025-12-16 22:24:18,741 - app - INFO - Checking status for task: c2613708-7327-401c-9841-a5c9e2f3a75e
2025-12-16 22:24:20,746 - app - INFO - Checking status for task: c2613708-7327-401c-9841-a5c9e2f3a75e
2025-12-16 22:24:22,744 - app - INFO - Checking status for task: c2613708-7327-401c-9841-a5c9e2f3a75e
2025-12-16 22:24:24,744 - app - INFO - Checking status for task: c2613708-7327-401c-9841-a5c9e2f3a75e
2025-12-16 22:24:26,744 - app - INFO - Checking status for task: c2613708-7327-401c-9841-a5c9e2f3a75e
2025-12-16 22:24:28,745 - app - INFO - Checking status for task: c2613708-7327-401c-9841-a5c9e2f3a75e
2025-12-16 22:24:30,744 - app - INFO - Checking status for task: c2613708-7327-401c-9841-a5c9e2f3a75e
2025-12-16 22:24:32,741 - app - INFO - Checking status for task: c2613708-7327-401c-9841-a5c9e2f3a75e
2025-12-16 22:24:34,744 - app - INFO - Checking status for task: c2613708-7327-401c-9841-a5c9e2f3a75e
2025-12-16 22:24:36,744 - app - INFO - Checking status for task: c2613708-7327-401c-9841-a5c9e2f3a75e
2025-12-16 22:24:38,744 - app - INFO - Checking status for task: c2613708-7327-401c-9841-a5c9e2f3a75e
2025-12-16 22:24:40,744 - app - INFO - Checking status for task: c2613708-7327-401c-9841-a5c9e2f3a75e
2025-12-16 22:24:42,744 - app - INFO - Checking status for task: c2613708-7327-401c-9841-a5c9e2f3a75e
2025-12-16 22:24:44,743 - app - INFO - Checking status for task: c2613708-7327-401c-9841-a5c9e2f3a75e
2025-12-16 22:24:46,742 - app - INFO - Checking status for task: c2613708-7327-401c-9841-a5c9e2f3a75e
2025-12-16 22:24:48,745 - app - INFO - Checking status for task: c2613708-7327-401c-9841-a5c9e2f3a75e
2025-12-16 22:24:50,743 - app - INFO - Checking status for task: c2613708-7327-401c-9841-a5c9e2f3a75e
2025-12-16 22:24:52,744 - app - INFO - Checking status for task: c2613708-7327-401c-9841-a5c9e2f3a75e
2025-12-16 22:24:54,746 - app - INFO - Checking status for task: c2613708-7327-401c-9841-a5c9e2f3a75e
2025-12-16 22:24:56,745 - app - INFO - Checking status for task: c2613708-7327-401c-9841-a5c9e2f3a75e
2025-12-16 22:24:58,743 - app - INFO - Checking status for task: c2613708-7327-401c-9841-a5c9e2f3a75e
2025-12-16 22:25:00,743 - app - INFO - Checking status for task: c2613708-7327-401c-9841-a5c9e2f3a75e
2025-12-16 22:25:02,743 - app - INFO - Checking status for task: c2613708-7327-401c-9841-a5c9e2f3a75e
2025-12-16 22:25:04,744 - app - INFO - Checking status for task: c2613708-7327-401c-9841-a5c9e2f3a75e
2025-12-16 22:25:06,744 - app - INFO - Checking status for task: c2613708-7327-401c-9841-a5c9e2f3a75e
2025-12-16 22:25:08,745 - app - INFO - Checking status for task: c2613708-7327-401c-9841-a5c9e2f3a75e
2025-12-16 22:25:10,745 - app - INFO - Checking status for task: c2613708-7327-401c-9841-a5c9e2f3a75e
2025-12-16 22:25:12,743 - app - INFO - Checking status for task: c2613708-7327-401c-9841-a5c9e2f3a75e
2025-12-16 22:25:14,743 - app - INFO - Checking status for task: c2613708-7327-401c-9841-a5c9e2f3a75e
2025-12-16 22:25:16,747 - app - INFO - Checking status for task: c2613708-7327-401c-9841-a5c9e2f3a75e
2025-12-16 22:25:18,746 - app - INFO - Checking status for task: c2613708-7327-401c-9841-a5c9e2f3a75e
2025-12-16 22:25:20,746 - app - INFO - Checking status for task: c2613708-7327-401c-9841-a5c9e2f3a75e
2025-12-16 22:25:22,743 - app - INFO - Checking status for task: c2613708-7327-401c-9841-a5c9e2f3a75e
2025-12-16 22:25:24,743 - app - INFO - Checking status for task: c2613708-7327-401c-9841-a5c9e2f3a75e
2025-12-16 22:25:26,745 - app - INFO - Checking status for task: c2613708-7327-401c-9841-a5c9e2f3a75e
2025-12-16 22:25:28,742 - app - INFO - Checking status for task: c2613708-7327-401c-9841-a5c9e2f3a75e
2025-12-16 22:25:30,743 - app - INFO - Checking status for task: c2613708-7327-401c-9841-a5c9e2f3a75e
2025-12-16 22:25:32,743 - app - INFO - Checking status for task: c2613708-7327-401c-9841-a5c9e2f3a75e
2025-12-16 22:25:34,743 - app - INFO - Checking status for task: c2613708-7327-401c-9841-a5c9e2f3a75e
2025-12-16 22:25:36,745 - app - INFO - Checking status for task: c2613708-7327-401c-9841-a5c9e2f3a75e
2025-12-16 22:25:38,744 - app - INFO - Checking status for task: c2613708-7327-401c-9841-a5c9e2f3a75e
2025-12-16 22:25:40,743 - app - INFO - Checking status for task: c2613708-7327-401c-9841-a5c9e2f3a75e
2025-12-16 22:25:42,743 - app - INFO - Checking status for task: c2613708-7327-401c-9841-a5c9e2f3a75e
2025-12-16 22:25:44,746 - app - INFO - Checking status for task: c2613708-7327-401c-9841-a5c9e2f3a75e
2025-12-16 22:25:46,745 - app - INFO - Checking status for task: c2613708-7327-401c-9841-a5c9e2f3a75e
2025-12-16 22:25:48,741 - app - INFO - Checking status for task: c2613708-7327-401c-9841-a5c9e2f3a75e
2025-12-16 22:25:50,744 - app - INFO - Checking status for task: c2613708-7327-401c-9841-a5c9e2f3a75e
2025-12-16 22:25:52,742 - app - INFO - Checking status for task: c2613708-7327-401c-9841-a5c9e2f3a75e
2025-12-16 22:25:54,744 - app - INFO - Checking status for task: c2613708-7327-401c-9841-a5c9e2f3a75e
2025-12-16 22:25:56,742 - app - INFO - Checking status for task: c2613708-7327-401c-9841-a5c9e2f3a75e
2025-12-16 22:25:58,743 - app - INFO - Checking status for task: c2613708-7327-401c-9841-a5c9e2f3a75e
2025-12-16 22:26:00,746 - app - INFO - Checking status for task: c2613708-7327-401c-9841-a5c9e2f3a75e
2025-12-16 22:26:02,743 - app - INFO - Checking status for task: c2613708-7327-401c-9841-a5c9e2f3a75e
2025-12-16 22:26:04,747 - app - INFO - Checking status for task: c2613708-7327-401c-9841-a5c9e2f3a75e
2025-12-16 22:26:06,746 - app - INFO - Checking status for task: c2613708-7327-401c-9841-a5c9e2f3a75e
2025-12-16 22:26:08,745 - app - INFO - Checking status for task: c2613708-7327-401c-9841-a5c9e2f3a75e
2025-12-16 22:26:10,743 - app - INFO - Checking status for task: c2613708-7327-401c-9841-a5c9e2f3a75e
2025-12-16 22:26:12,744 - app - INFO - Checking status for task: c2613708-7327-401c-9841-a5c9e2f3a75e
2025-12-16 22:26:14,747 - app - INFO - Checking status for task: c2613708-7327-401c-9841-a5c9e2f3a75e
2025-12-16 22:26:16,744 - app - INFO - Checking status for task: c2613708-7327-401c-9841-a5c9e2f3a75e
2025-12-16 22:26:18,745 - app - INFO - Checking status for task: c2613708-7327-401c-9841-a5c9e2f3a75e
2025-12-16 22:26:20,747 - app - INFO - Checking status for task: c2613708-7327-401c-9841-a5c9e2f3a75e
2025-12-16 22:26:22,744 - app - INFO - Checking status for task: c2613708-7327-401c-9841-a5c9e2f3a75e
2025-12-16 22:26:24,747 - app - INFO - Checking status for task: c2613708-7327-401c-9841-a5c9e2f3a75e
2025-12-16 22:26:26,745 - app - INFO - Checking status for task: c2613708-7327-401c-9841-a5c9e2f3a75e
2025-12-16 22:26:28,748 - app - INFO - Checking status for task: c2613708-7327-401c-9841-a5c9e2f3a75e
2025-12-16 22:26:30,745 - app - INFO - Checking status for task: c2613708-7327-401c-9841-a5c9e2f3a75e
2025-12-16 22:26:32,744 - app - INFO - Checking status for task: c2613708-7327-401c-9841-a5c9e2f3a75e
2025-12-16 22:26:34,747 - app - INFO - Checking status for task: c2613708-7327-401c-9841-a5c9e2f3a75e
2025-12-16 22:26:36,748 - app - INFO - Checking status for task: c2613708-7327-401c-9841-a5c9e2f3a75e
2025-12-16 22:26:38,747 - app - INFO - Checking status for task: c2613708-7327-401c-9841-a5c9e2f3a75e
2025-12-16 22:26:40,823 - app - INFO - Checking status for task: c2613708-7327-401c-9841-a5c9e2f3a75e
2025-12-16 22:26:42,744 - app - INFO - Checking status for task: c2613708-7327-401c-9841-a5c9e2f3a75e
2025-12-16 22:26:44,745 - app - INFO - Checking status for task: c2613708-7327-401c-9841-a5c9e2f3a75e
2025-12-16 22:26:46,748 - app - INFO - Checking status for task: c2613708-7327-401c-9841-a5c9e2f3a75e
2025-12-16 22:26:48,748 - app - INFO - Checking status for task: c2613708-7327-401c-9841-a5c9e2f3a75e
2025-12-16 22:26:50,748 - app - INFO - Checking status for task: c2613708-7327-401c-9841-a5c9e2f3a75e
2025-12-16 22:26:52,745 - app - INFO - Checking status for task: c2613708-7327-401c-9841-a5c9e2f3a75e
2025-12-16 22:26:54,748 - app - INFO - Checking status for task: c2613708-7327-401c-9841-a5c9e2f3a75e
2025-12-16 22:26:56,745 - app - INFO - Checking status for task: c2613708-7327-401c-9841-a5c9e2f3a75e
2025-12-16 22:26:58,746 - app - INFO - Checking status for task: c2613708-7327-401c-9841-a5c9e2f3a75e
2025-12-16 22:27:00,748 - app - INFO - Checking status for task: c2613708-7327-401c-9841-a5c9e2f3a75e
2025-12-16 22:27:02,744 - app - INFO - Checking status for task: c2613708-7327-401c-9841-a5c9e2f3a75e
2025-12-16 22:27:04,748 - app - INFO - Checking status for task: c2613708-7327-401c-9841-a5c9e2f3a75e
2025-12-16 22:27:06,748 - app - INFO - Checking status for task: c2613708-7327-401c-9841-a5c9e2f3a75e
2025-12-16 22:27:08,746 - app - INFO - Checking status for task: c2613708-7327-401c-9841-a5c9e2f3a75e
2025-12-16 22:27:10,747 - app - INFO - Checking status for task: c2613708-7327-401c-9841-a5c9e2f3a75e
2025-12-16 22:27:12,745 - app - INFO - Checking status for task: c2613708-7327-401c-9841-a5c9e2f3a75e
2025-12-16 22:27:15,038 - app - INFO - Checking status for task: c2613708-7327-401c-9841-a5c9e2f3a75e
2025-12-16 22:27:16,748 - app - INFO - Checking status for task: c2613708-7327-401c-9841-a5c9e2f3a75e
2025-12-16 22:27:18,748 - app - INFO - Checking status for task: c2613708-7327-401c-9841-a5c9e2f3a75e
2025-12-16 22:27:20,745 - app - INFO - Checking status for task: c2613708-7327-401c-9841-a5c9e2f3a75e
2025-12-16 22:27:22,745 - app - INFO - Checking status for task: c2613708-7327-401c-9841-a5c9e2f3a75e
2025-12-16 22:27:24,745 - app - INFO - Checking status for task: c2613708-7327-401c-9841-a5c9e2f3a75e
2025-12-16 22:27:26,746 - app - INFO - Checking status for task: c2613708-7327-401c-9841-a5c9e2f3a75e
2025-12-16 22:27:28,746 - app - INFO - Checking status for task: c2613708-7327-401c-9841-a5c9e2f3a75e
2025-12-16 22:27:30,745 - app - INFO - Checking status for task: c2613708-7327-401c-9841-a5c9e2f3a75e
2025-12-16 23:03:00,760 - app - INFO - Checking status for task: c2613708-7327-401c-9841-a5c9e2f3a75e
2025-12-16 23:03:03,655 - app - INFO - Checking status for task: c2613708-7327-401c-9841-a5c9e2f3a75e
2025-12-16 23:03:05,654 - app - INFO - Checking status for task: c2613708-7327-401c-9841-a5c9e2f3a75e
2025-12-16 23:03:07,652 - app - INFO - Checking status for task: c2613708-7327-401c-9841-a5c9e2f3a75e
2025-12-16 23:03:12,742 - app - INFO - Checking status for task: c2613708-7327-401c-9841-a5c9e2f3a75e
2025-12-16 23:03:14,745 - app - INFO - Checking status for task: c2613708-7327-401c-9841-a5c9e2f3a75e
2025-12-16 23:03:16,744 - app - INFO - Checking status for task: c2613708-7327-401c-9841-a5c9e2f3a75e
2025-12-16 23:03:19,946 - app - INFO - Checking status for task: c2613708-7327-401c-9841-a5c9e2f3a75e
2025-12-16 23:03:21,948 - app - INFO - Checking status for task: c2613708-7327-401c-9841-a5c9e2f3a75e
2025-12-16 23:03:23,948 - app - INFO - Checking status for task: c2613708-7327-401c-9841-a5c9e2f3a75e
2025-12-16 23:03:25,944 - app - INFO - Checking status for task: c2613708-7327-401c-9841-a5c9e2f3a75e
2025-12-16 23:03:27,947 - app - INFO - Checking status for task: c2613708-7327-401c-9841-a5c9e2f3a75e
2025-12-16 23:03:29,945 - app - INFO - Checking status for task: c2613708-7327-401c-9841-a5c9e2f3a75e
2025-12-16 23:03:31,946 - app - INFO - Checking status for task: c2613708-7327-401c-9841-a5c9e2f3a75e
2025-12-16 23:03:33,947 - app - INFO - Checking status for task: c2613708-7327-401c-9841-a5c9e2f3a75e
2025-12-16 23:04:15,280 - app - INFO - Received file upload request
2025-12-16 23:04:15,282 - app - INFO - File saved successfully: static/uploads/46766a52b1234f0290ea1973e4a78869_template_2.xlsx
2025-12-16 23:04:15,306 - app - INFO - Async task submitted with ID: f2b44ced-35e3-478c-aebb-439d6da9305e
2025-12-16 23:04:17,470 - app - INFO - Checking status for task: f2b44ced-35e3-478c-aebb-439d6da9305e
2025-12-16 23:04:19,533 - app - INFO - Checking status for task: f2b44ced-35e3-478c-aebb-439d6da9305e
2025-12-16 23:04:21,522 - app - INFO - Checking status for task: f2b44ced-35e3-478c-aebb-439d6da9305e
2025-12-16 23:04:23,519 - app - INFO - Checking status for task: f2b44ced-35e3-478c-aebb-439d6da9305e
2025-12-16 23:04:25,514 - app - INFO - Checking status for task: f2b44ced-35e3-478c-aebb-439d6da9305e
2025-12-16 23:04:27,521 - app - INFO - Checking status for task: f2b44ced-35e3-478c-aebb-439d6da9305e
2025-12-16 23:04:29,465 - app - INFO - Checking status for task: f2b44ced-35e3-478c-aebb-439d6da9305e
2025-12-16 23:04:31,519 - app - INFO - Checking status for task: f2b44ced-35e3-478c-aebb-439d6da9305e
2025-12-16 23:04:33,524 - app - INFO - Checking status for task: f2b44ced-35e3-478c-aebb-439d6da9305e
2025-12-16 23:04:35,521 - app - INFO - Checking status for task: f2b44ced-35e3-478c-aebb-439d6da9305e
2025-12-16 23:04:37,518 - app - INFO - Checking status for task: f2b44ced-35e3-478c-aebb-439d6da9305e
2025-12-16 23:04:39,467 - app - INFO - Checking status for task: f2b44ced-35e3-478c-aebb-439d6da9305e
2025-12-16 23:04:41,518 - app - INFO - Checking status for task: f2b44ced-35e3-478c-aebb-439d6da9305e
2025-12-16 23:04:43,466 - app - INFO - Checking status for task: f2b44ced-35e3-478c-aebb-439d6da9305e
2025-12-16 23:04:45,526 - app - INFO - Checking status for task: f2b44ced-35e3-478c-aebb-439d6da9305e
2025-12-16 23:04:47,522 - app - INFO - Checking status for task: f2b44ced-35e3-478c-aebb-439d6da9305e
2025-12-16 23:04:49,525 - app - INFO - Checking status for task: f2b44ced-35e3-478c-aebb-439d6da9305e
2025-12-16 23:04:51,525 - app - INFO - Checking status for task: f2b44ced-35e3-478c-aebb-439d6da9305e
2025-12-16 23:04:53,520 - app - INFO - Checking status for task: f2b44ced-35e3-478c-aebb-439d6da9305e
2025-12-16 23:04:55,466 - app - INFO - Checking status for task: f2b44ced-35e3-478c-aebb-439d6da9305e
2025-12-16 23:04:57,467 - app - INFO - Checking status for task: f2b44ced-35e3-478c-aebb-439d6da9305e
2025-12-16 23:04:59,516 - app - INFO - Checking status for task: f2b44ced-35e3-478c-aebb-439d6da9305e
2025-12-16 23:05:01,543 - app - INFO - Checking status for task: f2b44ced-35e3-478c-aebb-439d6da9305e
2025-12-16 23:05:03,555 - app - INFO - Checking status for task: f2b44ced-35e3-478c-aebb-439d6da9305e
2025-12-16 23:05:05,518 - app - INFO - Checking status for task: f2b44ced-35e3-478c-aebb-439d6da9305e
2025-12-16 23:05:07,460 - app - INFO - Checking status for task: f2b44ced-35e3-478c-aebb-439d6da9305e
2025-12-16 23:05:09,541 - app - INFO - Checking status for task: f2b44ced-35e3-478c-aebb-439d6da9305e
2025-12-16 23:05:11,520 - app - INFO - Checking status for task: f2b44ced-35e3-478c-aebb-439d6da9305e
2025-12-16 23:05:13,598 - app - INFO - Checking status for task: f2b44ced-35e3-478c-aebb-439d6da9305e
2025-12-16 23:05:15,518 - app - INFO - Checking status for task: f2b44ced-35e3-478c-aebb-439d6da9305e
2025-12-16 23:05:17,469 - app - INFO - Checking status for task: f2b44ced-35e3-478c-aebb-439d6da9305e
2025-12-16 23:05:19,520 - app - INFO - Checking status for task: f2b44ced-35e3-478c-aebb-439d6da9305e
2025-12-16 23:05:21,514 - app - INFO - Checking status for task: f2b44ced-35e3-478c-aebb-439d6da9305e
2025-12-16 23:05:23,518 - app - INFO - Checking status for task: f2b44ced-35e3-478c-aebb-439d6da9305e
2025-12-16 23:05:25,514 - app - INFO - Checking status for task: f2b44ced-35e3-478c-aebb-439d6da9305e
2025-12-16 23:05:27,520 - app - INFO - Checking status for task: f2b44ced-35e3-478c-aebb-439d6da9305e
2025-12-16 23:05:29,522 - app - INFO - Checking status for task: f2b44ced-35e3-478c-aebb-439d6da9305e
2025-12-16 23:05:31,520 - app - INFO - Checking status for task: f2b44ced-35e3-478c-aebb-439d6da9305e
2025-12-16 23:05:33,517 - app - INFO - Checking status for task: f2b44ced-35e3-478c-aebb-439d6da9305e
2025-12-16 23:05:35,515 - app - INFO - Checking status for task: f2b44ced-35e3-478c-aebb-439d6da9305e
2025-12-16 23:05:37,517 - app - INFO - Checking status for task: f2b44ced-35e3-478c-aebb-439d6da9305e
2025-12-16 23:05:39,515 - app - INFO - Checking status for task: f2b44ced-35e3-478c-aebb-439d6da9305e
2025-12-16 23:05:41,463 - app - INFO - Checking status for task: f2b44ced-35e3-478c-aebb-439d6da9305e
2025-12-16 23:05:43,521 - app - INFO - Checking status for task: f2b44ced-35e3-478c-aebb-439d6da9305e
2025-12-16 23:24:47,468 - app - INFO - Checking status for task: f2b44ced-35e3-478c-aebb-439d6da9305e
2025-12-16 23:24:49,526 - app - INFO - Checking status for task: f2b44ced-35e3-478c-aebb-439d6da9305e
2025-12-16 23:24:51,562 - app - INFO - Checking status for task: f2b44ced-35e3-478c-aebb-439d6da9305e
2025-12-16 23:24:55,550 - app - INFO - Checking status for task: f2b44ced-35e3-478c-aebb-439d6da9305e
2025-12-16 23:24:57,531 - app - INFO - Checking status for task: f2b44ced-35e3-478c-aebb-439d6da9305e
2025-12-16 23:24:59,535 - app - INFO - Checking status for task: f2b44ced-35e3-478c-aebb-439d6da9305e
2025-12-16 23:25:01,526 - app - INFO - Checking status for task: f2b44ced-35e3-478c-aebb-439d6da9305e
2025-12-16 23:25:03,535 - app - INFO - Checking status for task: f2b44ced-35e3-478c-aebb-439d6da9305e
2025-12-16 23:25:05,429 - app - INFO - Received file upload request
2025-12-16 23:25:05,430 - app - INFO - File saved successfully: static/uploads/f7b0ae27668142c680e6c6685f180df8_template_2.xlsx
2025-12-16 23:25:05,454 - app - INFO - Async task submitted with ID: 9bf3a917-8c2a-4db2-b7b4-b86caf1b7c34
2025-12-16 23:25:05,583 - app - INFO - Checking status for task: f2b44ced-35e3-478c-aebb-439d6da9305e
2025-12-16 23:25:07,780 - app - INFO - Checking status for task: 9bf3a917-8c2a-4db2-b7b4-b86caf1b7c34
2025-12-16 23:25:09,774 - app - INFO - Checking status for task: 9bf3a917-8c2a-4db2-b7b4-b86caf1b7c34
2025-12-16 23:25:11,780 - app - INFO - Checking status for task: 9bf3a917-8c2a-4db2-b7b4-b86caf1b7c34
2025-12-16 23:25:13,831 - app - INFO - Checking status for task: 9bf3a917-8c2a-4db2-b7b4-b86caf1b7c34
2025-12-16 23:25:15,795 - app - INFO - Checking status for task: 9bf3a917-8c2a-4db2-b7b4-b86caf1b7c34
2025-12-16 23:25:17,837 - app - INFO - Checking status for task: 9bf3a917-8c2a-4db2-b7b4-b86caf1b7c34
2025-12-16 23:25:19,831 - app - INFO - Checking status for task: 9bf3a917-8c2a-4db2-b7b4-b86caf1b7c34
2025-12-16 23:25:21,828 - app - INFO - Checking status for task: 9bf3a917-8c2a-4db2-b7b4-b86caf1b7c34
2025-12-16 23:25:23,776 - app - INFO - Checking status for task: 9bf3a917-8c2a-4db2-b7b4-b86caf1b7c34
2025-12-16 23:25:25,833 - app - INFO - Checking status for task: 9bf3a917-8c2a-4db2-b7b4-b86caf1b7c34
2025-12-16 23:25:27,834 - app - INFO - Checking status for task: 9bf3a917-8c2a-4db2-b7b4-b86caf1b7c34
2025-12-16 23:25:29,913 - app - INFO - Checking status for task: 9bf3a917-8c2a-4db2-b7b4-b86caf1b7c34
2025-12-16 23:25:31,791 - app - INFO - Checking status for task: 9bf3a917-8c2a-4db2-b7b4-b86caf1b7c34
2025-12-16 23:25:33,923 - app - INFO - Checking status for task: 9bf3a917-8c2a-4db2-b7b4-b86caf1b7c34
2025-12-16 23:25:35,774 - app - INFO - Checking status for task: 9bf3a917-8c2a-4db2-b7b4-b86caf1b7c34
2025-12-16 23:25:37,831 - app - INFO - Checking status for task: 9bf3a917-8c2a-4db2-b7b4-b86caf1b7c34
2025-12-16 23:25:39,833 - app - INFO - Checking status for task: 9bf3a917-8c2a-4db2-b7b4-b86caf1b7c34
2025-12-16 23:25:41,779 - app - INFO - Checking status for task: 9bf3a917-8c2a-4db2-b7b4-b86caf1b7c34
2025-12-16 23:25:43,942 - app - INFO - Checking status for task: 9bf3a917-8c2a-4db2-b7b4-b86caf1b7c34
2025-12-16 23:25:46,003 - app - INFO - Checking status for task: 9bf3a917-8c2a-4db2-b7b4-b86caf1b7c34
2025-12-16 23:25:47,998 - app - INFO - Checking status for task: 9bf3a917-8c2a-4db2-b7b4-b86caf1b7c34
2025-12-16 23:25:49,432 - app - INFO - Checking status for task: 9bf3a917-8c2a-4db2-b7b4-b86caf1b7c34
2025-12-16 23:25:50,017 - app - INFO - Checking status for task: 9bf3a917-8c2a-4db2-b7b4-b86caf1b7c34
2025-12-16 23:25:51,438 - app - INFO - Checking status for task: 9bf3a917-8c2a-4db2-b7b4-b86caf1b7c34
2025-12-16 23:25:51,994 - app - INFO - Checking status for task: 9bf3a917-8c2a-4db2-b7b4-b86caf1b7c34
2025-12-16 23:25:53,456 - app - INFO - Checking status for task: 9bf3a917-8c2a-4db2-b7b4-b86caf1b7c34
2025-12-16 23:25:53,945 - app - INFO - Checking status for task: 9bf3a917-8c2a-4db2-b7b4-b86caf1b7c34
2025-12-16 23:25:55,387 - app - INFO - Checking status for task: 9bf3a917-8c2a-4db2-b7b4-b86caf1b7c34
2025-12-16 23:25:56,002 - app - INFO - Checking status for task: 9bf3a917-8c2a-4db2-b7b4-b86caf1b7c34
2025-12-16 23:25:57,440 - app - INFO - Checking status for task: 9bf3a917-8c2a-4db2-b7b4-b86caf1b7c34
2025-12-16 23:25:57,997 - app - INFO - Checking status for task: 9bf3a917-8c2a-4db2-b7b4-b86caf1b7c34
2025-12-16 23:25:59,442 - app - INFO - Checking status for task: 9bf3a917-8c2a-4db2-b7b4-b86caf1b7c34
2025-12-16 23:25:59,945 - app - INFO - Checking status for task: 9bf3a917-8c2a-4db2-b7b4-b86caf1b7c34
2025-12-16 23:26:01,431 - app - INFO - Checking status for task: 9bf3a917-8c2a-4db2-b7b4-b86caf1b7c34
2025-12-16 23:26:01,948 - app - INFO - Checking status for task: 9bf3a917-8c2a-4db2-b7b4-b86caf1b7c34
2025-12-16 23:26:03,378 - app - INFO - Checking status for task: 9bf3a917-8c2a-4db2-b7b4-b86caf1b7c34
2025-12-16 23:26:03,945 - app - INFO - Checking status for task: 9bf3a917-8c2a-4db2-b7b4-b86caf1b7c34
2025-12-16 23:26:05,384 - app - INFO - Checking status for task: 9bf3a917-8c2a-4db2-b7b4-b86caf1b7c34
2025-12-16 23:26:06,003 - app - INFO - Checking status for task: 9bf3a917-8c2a-4db2-b7b4-b86caf1b7c34
2025-12-16 23:26:07,435 - app - INFO - Checking status for task: 9bf3a917-8c2a-4db2-b7b4-b86caf1b7c34
2025-12-16 23:26:07,962 - app - INFO - Checking status for task: 9bf3a917-8c2a-4db2-b7b4-b86caf1b7c34
2025-12-16 23:26:09,379 - app - INFO - Checking status for task: 9bf3a917-8c2a-4db2-b7b4-b86caf1b7c34
2025-12-16 23:26:09,957 - app - INFO - Checking status for task: 9bf3a917-8c2a-4db2-b7b4-b86caf1b7c34
2025-12-16 23:26:11,386 - app - INFO - Checking status for task: 9bf3a917-8c2a-4db2-b7b4-b86caf1b7c34
2025-12-16 23:26:12,003 - app - INFO - Checking status for task: 9bf3a917-8c2a-4db2-b7b4-b86caf1b7c34
2025-12-16 23:26:13,386 - app - INFO - Checking status for task: 9bf3a917-8c2a-4db2-b7b4-b86caf1b7c34
2025-12-16 23:26:13,942 - app - INFO - Checking status for task: 9bf3a917-8c2a-4db2-b7b4-b86caf1b7c34
2025-12-16 23:26:15,442 - app - INFO - Checking status for task: 9bf3a917-8c2a-4db2-b7b4-b86caf1b7c34
2025-12-16 23:26:16,003 - app - INFO - Checking status for task: 9bf3a917-8c2a-4db2-b7b4-b86caf1b7c34
2025-12-16 23:26:17,436 - app - INFO - Checking status for task: 9bf3a917-8c2a-4db2-b7b4-b86caf1b7c34
2025-12-16 23:26:17,999 - app - INFO - Checking status for task: 9bf3a917-8c2a-4db2-b7b4-b86caf1b7c34
2025-12-16 23:26:19,438 - app - INFO - Checking status for task: 9bf3a917-8c2a-4db2-b7b4-b86caf1b7c34
2025-12-16 23:26:20,002 - app - INFO - Checking status for task: 9bf3a917-8c2a-4db2-b7b4-b86caf1b7c34
2025-12-16 23:26:21,438 - app - INFO - Checking status for task: 9bf3a917-8c2a-4db2-b7b4-b86caf1b7c34
2025-12-16 23:26:21,946 - app - INFO - Checking status for task: 9bf3a917-8c2a-4db2-b7b4-b86caf1b7c34
2025-12-16 23:26:23,387 - app - INFO - Checking status for task: 9bf3a917-8c2a-4db2-b7b4-b86caf1b7c34
2025-12-16 23:26:24,005 - app - INFO - Checking status for task: 9bf3a917-8c2a-4db2-b7b4-b86caf1b7c34
2025-12-16 23:26:25,386 - app - INFO - Checking status for task: 9bf3a917-8c2a-4db2-b7b4-b86caf1b7c34
2025-12-16 23:26:26,000 - app - INFO - Checking status for task: 9bf3a917-8c2a-4db2-b7b4-b86caf1b7c34
2025-12-16 23:26:27,435 - app - INFO - Checking status for task: 9bf3a917-8c2a-4db2-b7b4-b86caf1b7c34
2025-12-16 23:26:27,945 - app - INFO - Checking status for task: 9bf3a917-8c2a-4db2-b7b4-b86caf1b7c34
2025-12-16 23:26:29,384 - app - INFO - Checking status for task: 9bf3a917-8c2a-4db2-b7b4-b86caf1b7c34
2025-12-16 23:26:30,002 - app - INFO - Checking status for task: 9bf3a917-8c2a-4db2-b7b4-b86caf1b7c34
2025-12-16 23:26:31,381 - app - INFO - Checking status for task: 9bf3a917-8c2a-4db2-b7b4-b86caf1b7c34
2025-12-16 23:26:32,001 - app - INFO - Checking status for task: 9bf3a917-8c2a-4db2-b7b4-b86caf1b7c34
2025-12-16 23:26:33,437 - app - INFO - Checking status for task: 9bf3a917-8c2a-4db2-b7b4-b86caf1b7c34
2025-12-16 23:26:34,002 - app - INFO - Checking status for task: 9bf3a917-8c2a-4db2-b7b4-b86caf1b7c34
2025-12-16 23:26:35,436 - app - INFO - Checking status for task: 9bf3a917-8c2a-4db2-b7b4-b86caf1b7c34
2025-12-16 23:26:36,001 - app - INFO - Checking status for task: 9bf3a917-8c2a-4db2-b7b4-b86caf1b7c34
2025-12-16 23:26:37,443 - app - INFO - Checking status for task: 9bf3a917-8c2a-4db2-b7b4-b86caf1b7c34
2025-12-16 23:26:38,003 - app - INFO - Checking status for task: 9bf3a917-8c2a-4db2-b7b4-b86caf1b7c34
2025-12-16 23:26:39,480 - app - INFO - Checking status for task: 9bf3a917-8c2a-4db2-b7b4-b86caf1b7c34
2025-12-16 23:26:40,005 - app - INFO - Checking status for task: 9bf3a917-8c2a-4db2-b7b4-b86caf1b7c34
2025-12-16 23:26:41,522 - app - INFO - Checking status for task: 9bf3a917-8c2a-4db2-b7b4-b86caf1b7c34
2025-12-16 23:26:43,398 - app - INFO - Checking status for task: 9bf3a917-8c2a-4db2-b7b4-b86caf1b7c34
2025-12-16 23:26:45,387 - app - INFO - Checking status for task: 9bf3a917-8c2a-4db2-b7b4-b86caf1b7c34
2025-12-16 23:26:47,459 - app - INFO - Checking status for task: 9bf3a917-8c2a-4db2-b7b4-b86caf1b7c34
2025-12-16 23:26:49,447 - app - INFO - Checking status for task: 9bf3a917-8c2a-4db2-b7b4-b86caf1b7c34
2025-12-16 23:26:51,462 - app - INFO - Checking status for task: 9bf3a917-8c2a-4db2-b7b4-b86caf1b7c34
2025-12-16 23:26:53,440 - app - INFO - Checking status for task: 9bf3a917-8c2a-4db2-b7b4-b86caf1b7c34
2025-12-16 23:26:55,441 - app - INFO - Checking status for task: 9bf3a917-8c2a-4db2-b7b4-b86caf1b7c34
2025-12-16 23:26:57,872 - app - INFO - Checking status for task: 9bf3a917-8c2a-4db2-b7b4-b86caf1b7c34
2025-12-16 23:26:59,878 - app - INFO - Checking status for task: 9bf3a917-8c2a-4db2-b7b4-b86caf1b7c34
2025-12-16 23:27:01,202 - app - INFO - Starting conversion task for file: static/uploads/4754d63c2e314a809a83e59f8f5594a4_Z232278BPWO-EN-input2-2.xlsx
2025-12-16 23:27:01,203 - app - INFO - Starting conversion task for file: static/uploads/092e6b5572784ee19c4a31e8eb2464e3_Z232278BPWO-EN-input2-2.xlsx
2025-12-16 23:27:01,203 - app - INFO - Starting conversion task for file: static/uploads/e4488f7c1f2d452388753fa8c3f6bad0_template_1.xlsx
2025-12-16 23:27:01,204 - app - INFO - Starting conversion task for file: static/uploads/46766a52b1234f0290ea1973e4a78869_template_2.xlsx
2025-12-16 23:27:01,206 - app - INFO - Starting conversion task for file: static/uploads/f7b0ae27668142c680e6c6685f180df8_template_2.xlsx
2025-12-16 23:27:01,272 - app - ERROR - Conversion task failed: [Errno 2] No such file or directory: 'static/uploads/092e6b5572784ee19c4a31e8eb2464e3_Z232278BPWO-EN-input2-2.xlsx'
Traceback (most recent call last):
  File "/Users/zhaoyongjiang/Downloads/SAYHELLO/app.py", line 741, in convert_excel_task
    convert_excel_to_xml(file_path, output_folder)
  File "/Users/zhaoyongjiang/Downloads/SAYHELLO/st26autonew.py", line 9, in convert_excel_to_xml
    sequences = parser.read_sequences_from_excel(file_path)
  File "/Users/zhaoyongjiang/Downloads/SAYHELLO/parser.py", line 347, in read_sequences_from_excel
    df = pd.read_excel(file_path, sheet_name='seqdata', engine='openpyxl')
  File "/opt/anaconda3/envs/SAYHELLO/lib/python3.10/site-packages/pandas/io/excel/_base.py", line 495, in read_excel
    io = ExcelFile(
  File "/opt/anaconda3/envs/SAYHELLO/lib/python3.10/site-packages/pandas/io/excel/_base.py", line 1567, in __init__
    self._reader = self._engines[engine](
  File "/opt/anaconda3/envs/SAYHELLO/lib/python3.10/site-packages/pandas/io/excel/_openpyxl.py", line 553, in __init__
    super().__init__(
  File "/opt/anaconda3/envs/SAYHELLO/lib/python3.10/site-packages/pandas/io/excel/_base.py", line 563, in __init__
    self.handles = get_handle(
  File "/opt/anaconda3/envs/SAYHELLO/lib/python3.10/site-packages/pandas/io/common.py", line 882, in get_handle
    handle = open(handle, ioargs.mode)
FileNotFoundError: [Errno 2] No such file or directory: 'static/uploads/092e6b5572784ee19c4a31e8eb2464e3_Z232278BPWO-EN-input2-2.xlsx'
2025-12-16 23:27:01,273 - app - ERROR - Conversion task failed: [Errno 2] No such file or directory: 'static/uploads/4754d63c2e314a809a83e59f8f5594a4_Z232278BPWO-EN-input2-2.xlsx'
Traceback (most recent call last):
  File "/Users/zhaoyongjiang/Downloads/SAYHELLO/app.py", line 741, in convert_excel_task
    convert_excel_to_xml(file_path, output_folder)
  File "/Users/zhaoyongjiang/Downloads/SAYHELLO/st26autonew.py", line 9, in convert_excel_to_xml
    sequences = parser.read_sequences_from_excel(file_path)
  File "/Users/zhaoyongjiang/Downloads/SAYHELLO/parser.py", line 347, in read_sequences_from_excel
    df = pd.read_excel(file_path, sheet_name='seqdata', engine='openpyxl')
  File "/opt/anaconda3/envs/SAYHELLO/lib/python3.10/site-packages/pandas/io/excel/_base.py", line 495, in read_excel
    io = ExcelFile(
  File "/opt/anaconda3/envs/SAYHELLO/lib/python3.10/site-packages/pandas/io/excel/_base.py", line 1567, in __init__
    self._reader = self._engines[engine](
  File "/opt/anaconda3/envs/SAYHELLO/lib/python3.10/site-packages/pandas/io/excel/_openpyxl.py", line 553, in __init__
    super().__init__(
  File "/opt/anaconda3/envs/SAYHELLO/lib/python3.10/site-packages/pandas/io/excel/_base.py", line 563, in __init__
    self.handles = get_handle(
  File "/opt/anaconda3/envs/SAYHELLO/lib/python3.10/site-packages/pandas/io/common.py", line 882, in get_handle
    handle = open(handle, ioargs.mode)
FileNotFoundError: [Errno 2] No such file or directory: 'static/uploads/4754d63c2e314a809a83e59f8f5594a4_Z232278BPWO-EN-input2-2.xlsx'
2025-12-16 23:27:01,308 - app - INFO - Conversion completed successfully, generated XML: TEST123.xml
2025-12-16 23:27:01,308 - app - INFO - Conversion completed successfully, generated XML: TEST123.xml
2025-12-16 23:27:01,308 - app - INFO - Conversion completed successfully, generated XML: TEST123.xml
2025-12-16 23:27:01,708 - app - INFO - Checking status for task: 9bf3a917-8c2a-4db2-b7b4-b86caf1b7c34
2025-12-16 23:27:01,831 - app - INFO - Checking status for task: 9bf3a917-8c2a-4db2-b7b4-b86caf1b7c34
2025-12-16 23:30:05,465 - app - INFO - Checking status for task: f2b44ced-35e3-478c-aebb-439d6da9305e
2025-12-16 23:31:46,677 - app - INFO - Received file upload request
2025-12-16 23:31:46,680 - app - INFO - File saved successfully: static/uploads/cf8557bd28b54fc8afa488a347ad0140_template_3.xlsx
2025-12-16 23:31:46,690 - app - INFO - Async task submitted with ID: cec2b0e8-6f71-4e17-a30b-63e225ced588
2025-12-16 23:31:46,694 - app - INFO - Starting conversion task for file: static/uploads/cf8557bd28b54fc8afa488a347ad0140_template_3.xlsx
2025-12-16 23:31:46,744 - app - INFO - Conversion completed successfully, generated XML: AA666.xml
2025-12-16 23:31:48,975 - app - INFO - Checking status for task: cec2b0e8-6f71-4e17-a30b-63e225ced588
2025-12-16 23:32:06,752 - app - INFO - Request to download XML: AA666.xml
2025-12-16 23:32:06,754 - app - INFO - Deleted XML file: static/outputs/AA666.xml
2025-12-16 23:32:06,754 - app - INFO - Deleted uploaded Excel file: static/uploads/cf8557bd28b54fc8afa488a347ad0140_template_3.xlsx
2025-12-16 23:32:06,754 - app - INFO - Cleared session data after download
2025-12-17 08:13:12,307 - app - INFO - Starting conversion task for file: static/uploads/01ab82eedaa346d4a9c0bde475e373ab_Z232278BPWO-EN-input2-2.xlsx
2025-12-17 08:13:12,421 - app - INFO - Conversion completed successfully, generated XML: PA1500372.xml
2025-12-17 21:03:56,284 - app - INFO - Starting conversion task for file: static/uploads/f2d86879f083497f919ca992ce5fbaf8_template_2.xlsx
2025-12-17 21:03:56,331 - app - INFO - Conversion completed successfully, generated XML: TEST123.xml
